// Jest Snapshot v1, https://goo.gl/fbAQLP

exports[`BinarySearchTree setTreeNode should set new tree node as root node 1`] = `
BinarySearchTree {
  "rootNode": Object {
    "left": null,
    "right": null,
    "value": 2,
  },
}
`;
